@NAME:REGIONS	VERSION:0.4.38	FORMAT:TEXT	CONCATENATED
@NAME          	LENGTH
scaffold_1	10
scaffold_2	10
scaffold_3	10
@END_TABLE
@NAME:POOL	VERSION:0.4.38	FORMAT:TEXT	CONCATENATED	INDEXED
@SCFNAME       	POS	REF	MAJOR	MINOR	COVRAG	ERROR	ERROR	A01	B02	U03	U04	U05	U06	U07	U08
scaffold_3    	1	C	C	A	101	0.001	1/20/0/-71.6304	0.5/20/21.9456/0	0.0747163/40/6.53832/108.847	1/20/0/-71.6304	1/1/0/-3.58152	.../.../.../...	.../.../.../...	.../.../.../...	.../.../.../...
scaffold_3    	2	C	C	A	101	0.001	1/20/0/-71.6304	1/20/0/-71.6304	0.0747163/40/6.53832/108.847	1/20/0/-71.6304	1/1/0/-3.58152	.../.../.../...	.../.../.../...	.../.../.../...	.../.../.../...
scaffold_3    	9	C	C	A	81	0.001	1/20/0/-71.6304	0.5/20/21.9456/0	0/20/0/71.6304	1/20/0/-71.6304	1/1/0/-3.58152	.../.../.../...	.../.../.../...	.../.../.../...	.../.../.../...
scaffold_3    	10	C	A	C	61	0.001	0/20/0/71.6304	0.8002/20/8.76222/-34.0765	1/20/0/-71.6304	.../.../.../...	0/1/0/3.58152	.../.../.../...	.../.../.../...	.../.../.../...	.../.../.../...
@END_TABLE
