@NAME:REGIONS	VERSION:0.4.38	FORMAT:TEXT	CONCATENATED
@NAME          	LENGTH
scaffold_1	10
scaffold_2	10
scaffold_3	10
@END_TABLE
@NAME:GENOME	VERSION:0.4.38	FORMAT:TEXT	CONCATENATED	INDEXED
@SCFNAME    	POS	REF	MAJOR	MINOR	COVERAG	MJ_FREQ	VR_FREQ	ERROR	NULL_ER	NULL_E2	F_STAT	MM_FREQ	Mm_FREQ	mm_FREQ	HETERO	POLY_LR	HWE_LR	GOF	EF_CHRM	IND_INC	IND_CUT	BEST_LL
scaffold_3    	1	C	C	A	101	0.8750	0.1250	0.0001	0.4653	0.5347	-0.1429	0.7500	0.2500	0.0000	0.2500	69.21	0.18	0.08	7.00	4	1	-3.8368
scaffold_3    	2	C	C	N	101	1.0000	0.0000	0.0001	0.3663	0.6337	0.0000	1.0000	0.0000	0.0000	0.0000	55.65	0.00	0.07	7.00	4	1	-0.0061
scaffold_3    	3	C	C	N	21	1.0000	0.0000	0.0001	0.0001	1.0000	0.0000	1.0000	0.0000	0.0000	0.0000	0.00	0.00	0.04	3.00	2	0	-0.0021
scaffold_3    	4	A	A	N	4	1.0000	0.0000	0.0001	0.0001	1.0000	0.0000	1.0000	0.0000	0.0000	0.0000	0.00	0.00	0.02	2.75	2	0	-0.0004
scaffold_3    	5	T	T	N	4	1.0000	0.0000	0.0001	0.0001	1.0000	0.0000	1.0000	0.0000	0.0000	0.0000	0.00	0.00	0.02	2.75	2	0	-0.0004
scaffold_3    	6	C	C	A	7	0.5000	0.5000	0.0001	0.4286	0.5714	1.0000	0.5000	0.0000	0.5000	0.5714	10.61	1.52	0.02	5.25	4	0	-2.7732
scaffold_3    	7	G	G	A	7	0.5000	0.5000	0.0001	0.4286	0.5714	1.0000	0.5000	0.0000	0.5000	0.5714	10.61	1.52	0.02	5.25	4	0	-2.7732
scaffold_3    	8	C	G	C	9	0.5000	0.5000	0.0001	0.4444	0.5556	0.3333	0.3333	0.3333	0.3333	0.6000	10.87	-0.08	-0.33	5.25	3	0	-4.0416
scaffold_3    	9	C	C	A	81	0.7000	0.3000	0.0001	0.3704	0.6296	0.5238	0.6000	0.2000	0.2000	0.4667	135.76	0.92	0.17	9.00	5	0	-6.3408
scaffold_3    	10	C	C	A	61	0.6250	0.3750	0.0001	0.5902	0.4098	0.4667	0.5000	0.2500	0.2500	0.5357	101.89	0.39	-1.22	7.00	4	0	-9.3184
@END_TABLE
