@NAME:REGIONS	VERSION:0.4.38	FORMAT:TEXT	CONCATENATED
@NAME          	LENGTH
scaffold_1	10
scaffold_2	10
scaffold_3	10
@END_TABLE
@NAME:LINKAGE	VERSION:0.4.38	FORMAT:TEXT	CONCATENATED	INDEXED
@SCFNAME	POS_X	POS_Y	DIST	BEST_D	BEST_D'	BEST_D2	BEST_R2	ADJ_BEST_D	ADJ_BEST_D'	ADJ_BEST_D2	ADJ_BEST_r2	Ni	LOGLIKE
scaffold_3	2	scaffold_3	6	4	-0	-nan	0	-nan	-0	-nan	0	-nan	4	0
scaffold_3	2	scaffold_3	7	5	-0	-nan	0	-nan	-0	-nan	0	-nan	4	0
scaffold_3	2	scaffold_3	9	7	-0	-nan	0	-nan	-0	-nan	0	-nan	5	0
scaffold_3	2	scaffold_3	10	8	-0	-nan	0	-nan	-0	-nan	0	-nan	4	0
scaffold_3	6	scaffold_3	7	1	0.25	1	0.0625	1	0.333333	1	0.0833333	1.08333	4	5.54491
scaffold_3	6	scaffold_3	9	3	0.0384771	0.256514	0.00148049	0.0281998	0.0513028	0.256514	0.00197398	-0.2124	4	0.131685
scaffold_3	7	scaffold_3	9	2	0.0384771	0.256514	0.00148049	0.0281998	0.0513028	0.256514	0.00197398	-0.2124	4	0.131685
scaffold_3	9	scaffold_3	10	1	0.1875	1	0.0351562	0.714286	0.25	1	0.046875	0.702381	4	5.08429
@END_TABLE
