@NAME:REGIONS	VERSION:0.4.38	FORMAT:TEXT	CONCATENATED
@NAME          	LENGTH
scaffold_1	10
scaffold_2	10
scaffold_3	10
@END_TABLE
@NAME:POOL	VERSION:0.4.38	FORMAT:TEXT	CONCATENATED	INDEXED
@SCFNAME       	POS	REF	MAJOR	MINOR	COVRAG	ERROR	A01	B02	U03	U04	U05	U06	U07	U08
scaffold_1    	1	T	T	A	1	0.001	.../.../.../...	1/1/0/-3.58152	.../.../.../...	.../.../.../...	.../.../.../...	.../.../.../...	.../.../.../...	.../.../.../...
scaffold_1    	2	A	A	C	0	.	.../.../.../...	.../.../.../...	.../.../.../...	.../.../.../...	.../.../.../...	.../.../.../...	.../.../.../...	.../.../.../...
scaffold_1    	3	G	A	C	0	.	.../.../.../...	.../.../.../...	.../.../.../...	.../.../.../...	.../.../.../...	.../.../.../...	.../.../.../...	.../.../.../...
scaffold_1    	4	A	A	C	2	0.001	.../.../.../...	1/1/0/-3.58152	.../.../.../...	.../.../.../...	1/1/0/-3.58152	.../.../.../...	.../.../.../...	.../.../.../...
scaffold_1    	5	T	T	A	2	0.001	.../.../.../...	1/1/0/-3.58152	.../.../.../...	.../.../.../...	1/1/0/-3.58152	.../.../.../...	.../.../.../...	.../.../.../...
scaffold_1    	6	C	C	A	2	0.001	.../.../.../...	1/1/0/-3.58152	.../.../.../...	.../.../.../...	1/1/0/-3.58152	.../.../.../...	.../.../.../...	.../.../.../...
scaffold_1    	7	G	G	C	2	0.001	.../.../.../...	1/1/0/-3.58152	.../.../.../...	.../.../.../...	1/1/0/-3.58152	.../.../.../...	.../.../.../...	.../.../.../...
scaffold_1    	8	C	C	A	2	0.001	.../.../.../...	1/1/0/-3.58152	.../.../.../...	.../.../.../...	1/1/0/-3.58152	.../.../.../...	.../.../.../...	.../.../.../...
scaffold_1    	9	C	C	A	2	0.001	.../.../.../...	1/1/0/-3.58152	.../.../.../...	.../.../.../...	1/1/0/-3.58152	.../.../.../...	.../.../.../...	.../.../.../...
scaffold_1    	10	N	A	C	0	.	.../.../.../...	.../.../.../...	.../.../.../...	.../.../.../...	.../.../.../...	.../.../.../...	.../.../.../...	.../.../.../...
scaffold_2    	1	T	T	A	2	0.001	.../.../.../...	1/2/0/-7.16304	.../.../.../...	.../.../.../...	.../.../.../...	.../.../.../...	.../.../.../...	.../.../.../...
scaffold_2    	2	A	A	C	3	0.001	.../.../.../...	1/2/0/-7.16304	.../.../.../...	.../.../.../...	1/1/0/-3.58152	.../.../.../...	.../.../.../...	.../.../.../...
scaffold_2    	3	A	A	C	3	0.001	.../.../.../...	1/2/0/-7.16304	.../.../.../...	.../.../.../...	1/1/0/-3.58152	.../.../.../...	.../.../.../...	.../.../.../...
scaffold_2    	4	A	A	C	3	0.001	.../.../.../...	1/2/0/-7.16304	.../.../.../...	.../.../.../...	1/1/0/-3.58152	.../.../.../...	.../.../.../...	.../.../.../...
scaffold_2    	5	T	T	A	3	0.001	.../.../.../...	1/2/0/-7.16304	.../.../.../...	.../.../.../...	1/1/0/-3.58152	.../.../.../...	.../.../.../...	.../.../.../...
scaffold_2    	6	C	C	A	3	0.001	.../.../.../...	1/2/0/-7.16304	.../.../.../...	.../.../.../...	1/1/0/-3.58152	.../.../.../...	.../.../.../...	.../.../.../...
scaffold_2    	7	G	G	C	3	0.001	.../.../.../...	1/2/0/-7.16304	.../.../.../...	.../.../.../...	1/1/0/-3.58152	.../.../.../...	.../.../.../...	.../.../.../...
scaffold_2    	8	C	C	A	3	0.001	.../.../.../...	1/2/0/-7.16304	.../.../.../...	.../.../.../...	1/1/0/-3.58152	.../.../.../...	.../.../.../...	.../.../.../...
scaffold_2    	9	C	C	A	3	0.001	.../.../.../...	1/2/0/-7.16304	.../.../.../...	.../.../.../...	1/1/0/-3.58152	.../.../.../...	.../.../.../...	.../.../.../...
scaffold_2    	10	C	C	A	81	0.111111	1/20/-4.6713/-71.6304	0/20/-0.0257683/54.2726	0/20/-0.0257683/54.2726	1/20/-0.0257683/-54.2726	1/1/-0.233565/-3.58152	.../.../.../...	.../.../.../...	.../.../.../...
scaffold_3    	1	C	C	A	101	0.001	1/20/0/-71.6304	0.5/20/21.9456/0	0.0747163/40/6.53832/108.847	1/20/0/-71.6304	1/1/0/-3.58152	.../.../.../...	.../.../.../...	.../.../.../...
scaffold_3    	2	C	C	A	101	0.001	1/20/0/-71.6304	1/20/0/-71.6304	0.0747163/40/6.53832/108.847	1/20/0/-71.6304	1/1/0/-3.58152	.../.../.../...	.../.../.../...	.../.../.../...
scaffold_3    	3	C	C	A	21	0.001	.../.../.../...	.../.../.../...	.../.../.../...	1/20/0/-71.6304	1/1/0/-3.58152	.../.../.../...	.../.../.../...	.../.../.../...
scaffold_3    	4	A	A	C	4	0.001	.../.../.../...	1/3/0/-10.7446	.../.../.../...	.../.../.../...	1/1/0/-3.58152	.../.../.../...	.../.../.../...	.../.../.../...
scaffold_3    	5	T	T	A	4	0.001	.../.../.../...	1/3/0/-10.7446	.../.../.../...	.../.../.../...	1/1/0/-3.58152	.../.../.../...	.../.../.../...	.../.../.../...
scaffold_3    	6	C	C	A	7	0.001	.../.../.../...	1/3/0/-10.7446	0/2/0/7.16304	0/1/0/3.58152	1/1/0/-3.58152	.../.../.../...	.../.../.../...	.../.../.../...
scaffold_3    	7	G	G	A	7	0.001	.../.../.../...	1/3/0/-10.7446	0/2/0/7.16304	0/1/0/3.58152	1/1/0/-3.58152	.../.../.../...	.../.../.../...	.../.../.../...
scaffold_3    	8	C	G	C	9	0.001	.../.../.../...	0/3/0/10.7446	0.666778/3/2.19322/-2.53702	1/3/0/-10.7446	.../.../.../...	.../.../.../...	.../.../.../...	.../.../.../...
scaffold_3    	9	C	C	A	81	0.001	1/20/0/-71.6304	0.5/20/21.9456/0	0/20/0/71.6304	1/20/0/-71.6304	1/1/0/-3.58152	.../.../.../...	.../.../.../...	.../.../.../...
scaffold_3    	10	C	A	C	61	0.001	0/20/0/71.6304	0.8002/20/8.76222/-34.0765	1/20/0/-71.6304	.../.../.../...	0/1/0/3.58152	.../.../.../...	.../.../.../...	.../.../.../...
@END_TABLE
