@NAME:REGIONS	VERSION:0.4.38	FORMAT:TEXT	CONCATENATED
@NAME          	LENGTH
scaffold_1	10
scaffold_2	10
scaffold_3	10
@END_TABLE
@NAME:QUARTETS	VERSION:0.4.38	FORMAT:TEXT	CONCATENATED	INDEXED
@ID0       	ID1	REF	Sample_1	Sample_2	Sample_3	Sample_4	Sample_5	Sample_6	Sample_7	Sample_8
scaffold_2    	10	C	0/20/0/0       	18/0/1/1       	18/0/1/1       	0/18/1/1       	0/1/0/0        	0/0/0/0        	0/0/0/0        	0/0/0/0        
scaffold_3    	1	C	0/20/0/0       	10/10/0/0      	37/3/0/0       	0/20/0/0       	0/1/0/0        	0/0/0/0        	0/0/0/0        	0/0/0/0        
scaffold_3    	2	C	0/20/0/0       	0/20/0/0       	37/3/0/0       	0/20/0/0       	0/1/0/0        	0/0/0/0        	0/0/0/0        	0/0/0/0        
scaffold_3    	3	C	0/0/0/0        	0/0/0/0        	0/0/0/0        	0/20/0/0       	0/1/0/0        	0/0/0/0        	0/0/0/0        	0/0/0/0        
scaffold_3    	9	C	0/20/0/0       	10/10/0/0      	20/0/0/0       	0/20/0/0       	0/1/0/0        	0/0/0/0        	0/0/0/0        	0/0/0/0        
scaffold_3    	10	C	0/20/0/0       	16/4/0/0       	20/0/0/0       	0/0/0/0        	0/1/0/0        	0/0/0/0        	0/0/0/0        	0/0/0/0        
@END_TABLE
