@NAME:PHENOTYPE	VERSION:0.4.38	FORMAT:TEXT	CONCATENATED
@SMPNAME:8	0
1	1	
2	2	
3	3	
4	4	
5	-1	
6	-2	
7	-3	
8	-4	
@END_TABLE
