##fileformat=VCFv4.2
##FILTER=<ID=PASS,Description="All filters passed">
##INFO=<ID=END,Number=1,Type=Integer,Description="End position of the variant described in this record">
##INFO=<ID=AF,Number=1,Type=Float,Description="Allele Frequency">
##FORMAT=<ID=GT,Number=1,Type=String,Description="Genotype">
##FORMAT=<ID=GP,Number=G,Type=Float,Description="Genotype Probabilities">
##FORMAT=<ID=DP,Number=1,Type=Float,Description="Read Depth">
##contig=<ID=scaffold_1,length=10>
##contig=<ID=scaffold_2,length=10>
##contig=<ID=scaffold_3,length=10>
#CHROM	POS	ID	REF	ALT	QUAL	FILTER	INFO	FORMAT	A01	B02	U03	U04	U05	U06	U07	U08
scaffold_1	1	1	T	N	255	.	AF=1	GT:GP:DP	1/1:0.333333,0.333333,0.333333:0	0/0:0.666644,0.333333,2.22237e-05:1	1/1:0.333333,0.333333,0.333333:0	1/1:0.333333,0.333333,0.333333:0	1/1:0.333333,0.333333,0.333333:0	1/1:0.333333,0.333333,0.333333:0	1/1:0.333333,0.333333,0.333333:0	1/1:0.333333,0.333333,0.333333:0
scaffold_1	2	2	A	N	255	.	AF=0	GT:GP:DP	1/1:0.333333,0.333333,0.333333:0	1/1:0.333333,0.333333,0.333333:0	1/1:0.333333,0.333333,0.333333:0	1/1:0.333333,0.333333,0.333333:0	1/1:0.333333,0.333333,0.333333:0	1/1:0.333333,0.333333,0.333333:0	1/1:0.333333,0.333333,0.333333:0	1/1:0.333333,0.333333,0.333333:0
scaffold_1	3	3	G	N	255	.	AF=0	GT:GP:DP	1/1:0.333333,0.333333,0.333333:0	1/1:0.333333,0.333333,0.333333:0	1/1:0.333333,0.333333,0.333333:0	1/1:0.333333,0.333333,0.333333:0	1/1:0.333333,0.333333,0.333333:0	1/1:0.333333,0.333333,0.333333:0	1/1:0.333333,0.333333,0.333333:0	1/1:0.333333,0.333333,0.333333:0
scaffold_1	4	4	A	N	255	.	AF=1	GT:GP:DP	1/1:0.333333,0.333333,0.333333:0	0/0:0.666644,0.333333,2.22237e-05:1	1/1:0.333333,0.333333,0.333333:0	1/1:0.333333,0.333333,0.333333:0	0/0:0.666644,0.333333,2.22237e-05:1	1/1:0.333333,0.333333,0.333333:0	1/1:0.333333,0.333333,0.333333:0	1/1:0.333333,0.333333,0.333333:0
scaffold_1	5	5	T	N	255	.	AF=1	GT:GP:DP	1/1:0.333333,0.333333,0.333333:0	0/0:0.666644,0.333333,2.22237e-05:1	1/1:0.333333,0.333333,0.333333:0	1/1:0.333333,0.333333,0.333333:0	0/0:0.666644,0.333333,2.22237e-05:1	1/1:0.333333,0.333333,0.333333:0	1/1:0.333333,0.333333,0.333333:0	1/1:0.333333,0.333333,0.333333:0
scaffold_1	6	6	C	N	255	.	AF=1	GT:GP:DP	1/1:0.333333,0.333333,0.333333:0	0/0:0.666644,0.333333,2.22237e-05:1	1/1:0.333333,0.333333,0.333333:0	1/1:0.333333,0.333333,0.333333:0	0/0:0.666644,0.333333,2.22237e-05:1	1/1:0.333333,0.333333,0.333333:0	1/1:0.333333,0.333333,0.333333:0	1/1:0.333333,0.333333,0.333333:0
scaffold_1	7	7	G	N	255	.	AF=1	GT:GP:DP	1/1:0.333333,0.333333,0.333333:0	0/0:0.666644,0.333333,2.22237e-05:1	1/1:0.333333,0.333333,0.333333:0	1/1:0.333333,0.333333,0.333333:0	0/0:0.666644,0.333333,2.22237e-05:1	1/1:0.333333,0.333333,0.333333:0	1/1:0.333333,0.333333,0.333333:0	1/1:0.333333,0.333333,0.333333:0
scaffold_1	8	8	C	N	255	.	AF=1	GT:GP:DP	1/1:0.333333,0.333333,0.333333:0	0/0:0.666644,0.333333,2.22237e-05:1	1/1:0.333333,0.333333,0.333333:0	1/1:0.333333,0.333333,0.333333:0	0/0:0.666644,0.333333,2.22237e-05:1	1/1:0.333333,0.333333,0.333333:0	1/1:0.333333,0.333333,0.333333:0	1/1:0.333333,0.333333,0.333333:0
scaffold_1	9	9	C	N	255	.	AF=1	GT:GP:DP	1/1:0.333333,0.333333,0.333333:0	0/0:0.666644,0.333333,2.22237e-05:1	1/1:0.333333,0.333333,0.333333:0	1/1:0.333333,0.333333,0.333333:0	0/0:0.666644,0.333333,2.22237e-05:1	1/1:0.333333,0.333333,0.333333:0	1/1:0.333333,0.333333,0.333333:0	1/1:0.333333,0.333333,0.333333:0
scaffold_1	10	10	N	N	255	.	AF=0	GT:GP:DP	1/1:0.333333,0.333333,0.333333:0	1/1:0.333333,0.333333,0.333333:0	1/1:0.333333,0.333333,0.333333:0	1/1:0.333333,0.333333,0.333333:0	1/1:0.333333,0.333333,0.333333:0	1/1:0.333333,0.333333,0.333333:0	1/1:0.333333,0.333333,0.333333:0	1/1:0.333333,0.333333,0.333333:0
scaffold_2	1	11	T	N	255	.	AF=1	GT:GP:DP	1/1:0.333333,0.333333,0.333333:0	0/0:0.799989,0.200011,8.89055e-10:2	1/1:0.333333,0.333333,0.333333:0	1/1:0.333333,0.333333,0.333333:0	1/1:0.333333,0.333333,0.333333:0	1/1:0.333333,0.333333,0.333333:0	1/1:0.333333,0.333333,0.333333:0	1/1:0.333333,0.333333,0.333333:0
scaffold_2	2	12	A	N	255	.	AF=1	GT:GP:DP	1/1:0.333333,0.333333,0.333333:0	0/0:0.799989,0.200011,8.89055e-10:2	1/1:0.333333,0.333333,0.333333:0	1/1:0.333333,0.333333,0.333333:0	0/0:0.666644,0.333333,2.22237e-05:1	1/1:0.333333,0.333333,0.333333:0	1/1:0.333333,0.333333,0.333333:0	1/1:0.333333,0.333333,0.333333:0
scaffold_2	3	13	A	N	255	.	AF=1	GT:GP:DP	1/1:0.333333,0.333333,0.333333:0	0/0:0.799989,0.200011,8.89055e-10:2	1/1:0.333333,0.333333,0.333333:0	1/1:0.333333,0.333333,0.333333:0	0/0:0.666644,0.333333,2.22237e-05:1	1/1:0.333333,0.333333,0.333333:0	1/1:0.333333,0.333333,0.333333:0	1/1:0.333333,0.333333,0.333333:0
scaffold_2	4	14	A	N	255	.	AF=1	GT:GP:DP	1/1:0.333333,0.333333,0.333333:0	0/0:0.799989,0.200011,8.89055e-10:2	1/1:0.333333,0.333333,0.333333:0	1/1:0.333333,0.333333,0.333333:0	0/0:0.666644,0.333333,2.22237e-05:1	1/1:0.333333,0.333333,0.333333:0	1/1:0.333333,0.333333,0.333333:0	1/1:0.333333,0.333333,0.333333:0
scaffold_2	5	15	T	N	255	.	AF=1	GT:GP:DP	1/1:0.333333,0.333333,0.333333:0	0/0:0.799989,0.200011,8.89055e-10:2	1/1:0.333333,0.333333,0.333333:0	1/1:0.333333,0.333333,0.333333:0	0/0:0.666644,0.333333,2.22237e-05:1	1/1:0.333333,0.333333,0.333333:0	1/1:0.333333,0.333333,0.333333:0	1/1:0.333333,0.333333,0.333333:0
scaffold_2	6	16	C	N	255	.	AF=1	GT:GP:DP	1/1:0.333333,0.333333,0.333333:0	0/0:0.799989,0.200011,8.89055e-10:2	1/1:0.333333,0.333333,0.333333:0	1/1:0.333333,0.333333,0.333333:0	0/0:0.666644,0.333333,2.22237e-05:1	1/1:0.333333,0.333333,0.333333:0	1/1:0.333333,0.333333,0.333333:0	1/1:0.333333,0.333333,0.333333:0
scaffold_2	7	17	G	N	255	.	AF=1	GT:GP:DP	1/1:0.333333,0.333333,0.333333:0	0/0:0.799989,0.200011,8.89055e-10:2	1/1:0.333333,0.333333,0.333333:0	1/1:0.333333,0.333333,0.333333:0	0/0:0.666644,0.333333,2.22237e-05:1	1/1:0.333333,0.333333,0.333333:0	1/1:0.333333,0.333333,0.333333:0	1/1:0.333333,0.333333,0.333333:0
scaffold_2	8	18	C	N	255	.	AF=1	GT:GP:DP	1/1:0.333333,0.333333,0.333333:0	0/0:0.799989,0.200011,8.89055e-10:2	1/1:0.333333,0.333333,0.333333:0	1/1:0.333333,0.333333,0.333333:0	0/0:0.666644,0.333333,2.22237e-05:1	1/1:0.333333,0.333333,0.333333:0	1/1:0.333333,0.333333,0.333333:0	1/1:0.333333,0.333333,0.333333:0
scaffold_2	9	19	C	N	255	.	AF=1	GT:GP:DP	1/1:0.333333,0.333333,0.333333:0	0/0:0.799989,0.200011,8.89055e-10:2	1/1:0.333333,0.333333,0.333333:0	1/1:0.333333,0.333333,0.333333:0	0/0:0.666644,0.333333,2.22237e-05:1	1/1:0.333333,0.333333,0.333333:0	1/1:0.333333,0.333333,0.333333:0	1/1:0.333333,0.333333,0.333333:0
scaffold_2	10	20	C	A	255	.	AF=0.6	GT:GP:DP	0/0:0.999998,2.15742e-06,2.48197e-28:20	1/1:1.42993e-25,7.95315e-06,0.999992:20	1/1:1.42993e-25,7.95315e-06,0.999992:20	0/0:0.999992,7.95315e-06,1.42993e-25:20	0/0:0.640003,0.333333,0.0266638:1	1/1:0.333333,0.333333,0.333333:0	1/1:0.333333,0.333333,0.333333:0	1/1:0.333333,0.333333,0.333333:0
scaffold_3	1	21	C	A	255	.	AF=0.875	GT:GP:DP	0/0:0.999999,9.54309e-07,0:20	0/1:1.77638e-39,1,1.77638e-39:20	0/1:0,0.96091,0.0390904:40	0/0:0.999999,9.54309e-07,0:20	0/0:0.666644,0.333333,2.22237e-05:1	1/1:0.333333,0.333333,0.333333:0	1/1:0.333333,0.333333,0.333333:0	1/1:0.333333,0.333333,0.333333:0
scaffold_3	2	22	C	N	255	.	AF=1	GT:GP:DP	0/0:0.999999,9.54309e-07,0:20	0/0:0.999999,9.54309e-07,0:20	0/0:0.888876,0.11112,3.29317e-14:40	0/0:0.999999,9.54309e-07,0:20	0/0:0.666644,0.333333,2.22237e-05:1	1/1:0.333333,0.333333,0.333333:0	1/1:0.333333,0.333333,0.333333:0	1/1:0.333333,0.333333,0.333333:0
scaffold_3	3	23	C	N	255	.	AF=1	GT:GP:DP	1/1:0.333333,0.333333,0.333333:0	1/1:0.333333,0.333333,0.333333:0	1/1:0.333333,0.333333,0.333333:0	0/0:0.999999,9.54309e-07,0:20	0/0:0.666644,0.333333,2.22237e-05:1	1/1:0.333333,0.333333,0.333333:0	1/1:0.333333,0.333333,0.333333:0	1/1:0.333333,0.333333,0.333333:0
scaffold_3	4	24	A	N	255	.	AF=1	GT:GP:DP	1/1:0.333333,0.333333,0.333333:0	0/0:0.888879,0.111121,3.29313e-14:3	1/1:0.333333,0.333333,0.333333:0	1/1:0.333333,0.333333,0.333333:0	0/0:0.666644,0.333333,2.22237e-05:1	1/1:0.333333,0.333333,0.333333:0	1/1:0.333333,0.333333,0.333333:0	1/1:0.333333,0.333333,0.333333:0
scaffold_3	5	25	T	N	255	.	AF=1	GT:GP:DP	1/1:0.333333,0.333333,0.333333:0	0/0:0.888879,0.111121,3.29313e-14:3	1/1:0.333333,0.333333,0.333333:0	1/1:0.333333,0.333333,0.333333:0	0/0:0.666644,0.333333,2.22237e-05:1	1/1:0.333333,0.333333,0.333333:0	1/1:0.333333,0.333333,0.333333:0	1/1:0.333333,0.333333,0.333333:0
scaffold_3	6	26	C	A	255	.	AF=0.5	GT:GP:DP	1/1:0.333333,0.333333,0.333333:0	0/0:0.888879,0.111121,3.29313e-14:3	1/1:8.89055e-10,0.200011,0.799989:2	1/1:2.22237e-05,0.333333,0.666644:1	0/0:0.666644,0.333333,2.22237e-05:1	1/1:0.333333,0.333333,0.333333:0	1/1:0.333333,0.333333,0.333333:0	1/1:0.333333,0.333333,0.333333:0
scaffold_3	7	27	G	A	255	.	AF=0.5	GT:GP:DP	1/1:0.333333,0.333333,0.333333:0	0/0:0.888879,0.111121,3.29313e-14:3	1/1:8.89055e-10,0.200011,0.799989:2	1/1:2.22237e-05,0.333333,0.666644:1	0/0:0.666644,0.333333,2.22237e-05:1	1/1:0.333333,0.333333,0.333333:0	1/1:0.333333,0.333333,0.333333:0	1/1:0.333333,0.333333,0.333333:0
scaffold_3	8	28	C	G	255	.	AF=0.5	GT:GP:DP	0/0:0.333333,0.333333,0.333333:0	0/0:0.888879,0.111121,3.29313e-14:3	0/1:8.88742e-09,0.999734,0.000266595:3	1/1:3.29313e-14,0.111121,0.888879:3	0/0:0.333333,0.333333,0.333333:0	0/0:0.333333,0.333333,0.333333:0	0/0:0.333333,0.333333,0.333333:0	0/0:0.333333,0.333333,0.333333:0
scaffold_3	9	29	C	A	255	.	AF=0.7	GT:GP:DP	0/0:0.999999,9.54309e-07,0:20	0/1:1.77638e-39,1,1.77638e-39:20	1/1:0,9.54309e-07,0.999999:20	0/0:0.999999,9.54309e-07,0:20	0/0:0.666644,0.333333,2.22237e-05:1	1/1:0.333333,0.333333,0.333333:0	1/1:0.333333,0.333333,0.333333:0	1/1:0.333333,0.333333,0.333333:0
scaffold_3	10	30	C	A	255	.	AF=0.625	GT:GP:DP	0/0:0.999999,9.54309e-07,0:20	0/1:0,1,1.2942e-12:20	1/1:0,9.54309e-07,0.999999:20	1/1:0.333333,0.333333,0.333333:0	0/0:0.666644,0.333333,2.22237e-05:1	1/1:0.333333,0.333333,0.333333:0	1/1:0.333333,0.333333,0.333333:0	1/1:0.333333,0.333333,0.333333:0
scaffold_3	10	30	C	A	255	.	AF=0.625	GT:GP:DP	0/0:0.999999,9.54309e-07,0:20	0/1:0,1,1.2942e-12:20	1/1:0,9.54309e-07,0.999999:20	1/1:0.333333,0.333333,0.333333:0	0/0:0.666644,0.333333,2.22237e-05:1	1/1:0.333333,0.333333,0.333333:0	1/1:0.333333,0.333333,0.333333:0	1/1:0.333333,0.333333,0.333333:0
